###################################################################
+-----------------+-------------------+
| ECC             |                   |
+-----------------+-------------------+
|                 |                   |
| Design Name     | temp_sensor_block |
| DEF&LEF Version | 5.8               |
| DBU             | 1000              |
+-----------------+-------------------+

###################################################################
Summary
+------------------------+-------------------------------------+
| Module                 | Value                               |
+------------------------+-------------------------------------+
| DIE Area ( um^2 )      | 6921.880000 = 82.600000 * 83.800000 |
| DIE Usage              | 0.366085                            |
| CORE Area ( um^2 )     | 6272.280000 = 78.600000 * 79.800000 |
| CORE Usage             | 0.404000                            |
|                        |                                     |
| Number - Site          | 3                                   |
| Number - Row           | 57                                  |
| Number - Track         | 14                                  |
| Number - Layer         | 20                                  |
| Number - Routing Layer | 7                                   |
| Number - Cut Layer     | 7                                   |
| Number - GCell Grid    | 6                                   |
| Number - Cell Master   | 1570                                |
| Number - Via Rule      | 48                                  |
|                        |                                     |
| Number - IO Pin        | 9                                   |
| Number - Instance      | 3252                                |
| Number - Blockage      | 0                                   |
| Number - Filler        | 0                                   |
| Number - Net           | 1130                                |
| Number - Special Net   | 2                                   |
+------------------------+-------------------------------------+

Summary - Instance
+---------------+--------+--------------+---------+------------+
| Type          | Number | Number Ratio | Area    | Area Ratio |
+---------------+--------+--------------+---------+------------+
| All Instances | 3252   | 1            | 6272.28 | 1          |
|               |        |              |         |            |
| Netlist       | 1097   | 0.337331     | 2472.68 | 0.394223   |
| Physical      | 2128   | 0.654367     | 3737.72 | 0.595911   |
| Timing        | 27     | 0.00830258   | 61.88   | 0.00986563 |
|               |        |              |         |            |
| Core          | 3252   | 1            | 6272.28 | 1          |
| Core - logic  | 1124   | 0.345633     | 2534.56 | 0.404089   |
| Pad           | 0      | 0            | 0       | 0          |
| Block         | 0      | 0            | 0       | 0          |
| Endcap        | 0      | 0            | 0       | 0          |
| Cover         | 0      | 0            | 0       | 0          |
| Ring          | 0      | 0            | 0       | 0          |
+---------------+--------+--------------+---------+------------+

Summary - Net
+----------------+--------+--------------+----------+--------------+
| Net Type       | Number | Number Ratio | Length   | Length Ratio |
+----------------+--------+--------------+----------+--------------+
| All Nets       | 1130   | 1            | 12501566 | 1            |
| Signal         | 1121   | 0.992035     | 11457724 | 0.916503     |
| Clock          | 9      | 0.0079646    | 1043842  | 0.0834969    |
| Power & Ground | 0      | 0            | 0        | 0            |
+----------------+--------+--------------+----------+--------------+

Summary - Layer
+---------+-------------------+-------------------------+-------------------+------------------+--------------------+---------------------------+---------------------------+--------------------------+
| Layer   | Net - Wire Length | Net - Wire Length Ratio | Net - Wire Number | Net - Via Number | Net - Patch Number | Special Net - Wire Length | Special Net - Wire Number | Special Net - Via Number |
+---------+-------------------+-------------------------+-------------------+------------------+--------------------+---------------------------+---------------------------+--------------------------+
| OVERLAP | 0                 | 0                       | 0                 | 0                | 0                  | 0                         | 0                         | 0                        |
| ACT     | 0                 | 0                       | 0                 | 0                | 0                  | 0                         | 0                         | 0                        |
| NP      | 0                 | 0                       | 0                 | 0                | 0                  | 0                         | 0                         | 0                        |
| PP      | 0                 | 0                       | 0                 | 0                | 0                  | 0                         | 0                         | 0                        |
| NW1     | 0                 | 0                       | 0                 | 0                | 0                  | 0                         | 0                         | 0                        |
| POLY    | 0                 | 0                       | 0                 | 0                | 0                  | 0                         | 0                         | 0                        |
| CT      | 0                 | 0                       | 0                 | 0                | 0                  | 0                         | 0                         | 0                        |
| MET1    | 0                 | 0                       | 0                 | 0                | 0                  | 4558800                   | 58                        | 0                        |
| VIA1    | 0                 | 0                       | 0                 | 0                | 0                  | 0                         | 0                         | 290                      |
| MET2    | 5553565           | 0.44423                 | 5117              | 0                | 11                 | 0                         | 0                         | 0                        |
| VIA2    | 0                 | 0                       | 0                 | 3643             | 0                  | 0                         | 0                         | 290                      |
| MET3    | 5311835           | 0.424894                | 2709              | 0                | 129                | 0                         | 0                         | 0                        |
| VIA3    | 0                 | 0                       | 0                 | 419              | 0                  | 0                         | 0                         | 290                      |
| MET4    | 1183466           | 0.0946654               | 285               | 0                | 34                 | 798000                    | 10                        | 0                        |
| VIA4    | 0                 | 0                       | 0                 | 90               | 0                  | 0                         | 0                         | 50                       |
| MET5    | 452700            | 0.0362115               | 64                | 0                | 0                  | 786000                    | 10                        | 0                        |
| T4V2    | 0                 | 0                       | 0                 | 0                | 0                  | 0                         | 0                         | 0                        |
| T4M2    | 0                 | 0                       | 0                 | 0                | 0                  | 0                         | 0                         | 0                        |
| RV      | 0                 | 0                       | 0                 | 0                | 0                  | 0                         | 0                         | 0                        |
| RDL     | 0                 | 0                       | 0                 | 0                | 0                  | 0                         | 0                         | 0                        |
+---------+-------------------+-------------------------+-------------------+------------------+--------------------+---------------------------+---------------------------+--------------------------+

Summary - Pin Distribution
+------------+------------+-----------+-----------------+----------------+
| Pin Number | Net Number | Net Ratio | Instance Number | Instance Ratio |
+------------+------------+-----------+-----------------+----------------+
| 0          | 1          | 0.000885  | 2128            | 0.654367       |
| 1          | 0          | 0.000000  | 1               | 0.000308       |
| 2          | 535        | 0.473451  | 219             | 0.067343       |
| 3          | 294        | 0.260177  | 413             | 0.126999       |
| 4          | 162        | 0.143363  | 400             | 0.123001       |
| 5          | 71         | 0.062832  | 72              | 0.022140       |
| 6          | 21         | 0.018584  | 19              | 0.005843       |
| 7          | 9          | 0.007965  | 0               | 0.000000       |
| 8          | 10         | 0.008850  | 0               | 0.000000       |
| 9          | 5          | 0.004425  | 0               | 0.000000       |
| 10         | 4          | 0.003540  | 0               | 0.000000       |
| 11         | 3          | 0.002655  | 0               | 0.000000       |
| 12         | 1          | 0.000885  | 0               | 0.000000       |
| 13         | 2          | 0.001770  | 0               | 0.000000       |
| 14         | 0          | 0.000000  | 0               | 0.000000       |
| 15         | 1          | 0.000885  | 0               | 0.000000       |
| 16         | 0          | 0.000000  | 0               | 0.000000       |
| 17         | 1          | 0.000885  | 0               | 0.000000       |
| 18         | 0          | 0.000000  | 0               | 0.000000       |
| 19         | 0          | 0.000000  | 0               | 0.000000       |
| 20         | 3          | 0.002655  | 0               | 0.000000       |
| 21         | 5          | 0.004425  | 0               | 0.000000       |
| 22         | 0          | 0.000000  | 0               | 0.000000       |
| 23         | 0          | 0.000000  | 0               | 0.000000       |
| 24         | 0          | 0.000000  | 0               | 0.000000       |
| 25         | 0          | 0.000000  | 0               | 0.000000       |
| 26         | 1          | 0.000885  | 0               | 0.000000       |
| 27         | 0          | 0.000000  | 0               | 0.000000       |
| 28         | 0          | 0.000000  | 0               | 0.000000       |
| 29         | 0          | 0.000000  | 0               | 0.000000       |
| 30         | 0          | 0.000000  | 0               | 0.000000       |
| 31         | 0          | 0.000000  | 0               | 0.000000       |
| 32         | 0          | 0.000000  | 0               | 0.000000       |
| >= 32      | 1          | 0.000885  | 0               | 0.000000       |
+------------+------------+-----------+-----------------+----------------+

