Path Group                  WNS        TNS     NVP      FREQ      WNS(H)     TNS(H)  NVP(H)
-------------------------------------------------------------------------------------------
clk                      92.222        0.0       0     129MHz      0.256        0.0       0
-------------------------------------------------------------------------------------------
Summary                  92.222        0.0       0     129MHz      0.256        0.0       0
-------------------------------------------------------------------------------------------
    CAP  FANOUT    TRAN    TDRC      CELLA    BUFS     LEAFS       TNETS      CTBUF    REGS
-------------------------------------------------------------------------------------------
      0       0       0       0       4156      ~K        3K          ~K          ~       ~
-------------------------------------------------------------------------------------------

NVP    - No. of Violating Paths
FREQ   - Estimated Frequency, not accurate in some cases, multi/half-cycle, etc
WNS(H) - Hold WNS
TNS(H) - Hold TNS
NVP(H) - Hold NVP
